make clean_src clean_snippets src snippets
make[1]: Entering directory '/home/student/Desktop/so-tema2/assignment-memory-allocator/tests'
make -C /home/student/Desktop/so-tema2/assignment-memory-allocator/src clean
make[2]: Entering directory '/home/student/Desktop/so-tema2/assignment-memory-allocator/src'
rm -f ../src.zip
rm -f libosmem.so
rm -f osmem.o /home/student/Desktop/so-tema2/assignment-memory-allocator/utils/printf.o
make[2]: Leaving directory '/home/student/Desktop/so-tema2/assignment-memory-allocator/src'
rm -rf snippets/test-all snippets/test-calloc-arrays snippets/test-calloc-block-reuse snippets/test-calloc-coalesce-big snippets/test-calloc-coalesce snippets/test-calloc-expand-block snippets/test-calloc-no-preallocate snippets/test-calloc-no-split snippets/test-calloc-preallocate snippets/test-calloc-split-first snippets/test-calloc-split-last snippets/test-calloc-split-middle snippets/test-calloc-split-one-block snippets/test-calloc-split-vector snippets/test-malloc-arrays snippets/test-malloc-block-reuse snippets/test-malloc-coalesce-big snippets/test-malloc-coalesce snippets/test-malloc-expand-block snippets/test-malloc-no-preallocate snippets/test-malloc-no-split snippets/test-malloc-preallocate snippets/test-malloc-split-first snippets/test-malloc-split-last snippets/test-malloc-split-middle snippets/test-malloc-split-one-block snippets/test-malloc-split-vector snippets/test-realloc-arrays snippets/test-realloc-block-reuse snippets/test-realloc-coalesce-big snippets/test-realloc-coalesce snippets/test-realloc-expand-block snippets/test-realloc-no-preallocate snippets/test-realloc-no-split snippets/test-realloc-preallocate snippets/test-realloc-split-first snippets/test-realloc-split-last snippets/test-realloc-split-middle snippets/test-realloc-split-one-block snippets/test-realloc-split-vector
make -C /home/student/Desktop/so-tema2/assignment-memory-allocator/src
make[2]: Entering directory '/home/student/Desktop/so-tema2/assignment-memory-allocator/src'
gcc -fPIC -Wall -Wextra -g -I/home/student/Desktop/so-tema2/assignment-memory-allocator/utils  -c -o osmem.o osmem.c
gcc -fPIC -Wall -Wextra -g -I/home/student/Desktop/so-tema2/assignment-memory-allocator/utils  -c -o /home/student/Desktop/so-tema2/assignment-memory-allocator/utils/printf.o /home/student/Desktop/so-tema2/assignment-memory-allocator/utils/printf.c
gcc -shared -o libosmem.so osmem.o /home/student/Desktop/so-tema2/assignment-memory-allocator/utils/printf.o
make[2]: Leaving directory '/home/student/Desktop/so-tema2/assignment-memory-allocator/src'
gcc -I/home/student/Desktop/so-tema2/assignment-memory-allocator/utils -fPIC -Wall -Wextra -g -o snippets/test-all snippets/test-all.c -L/home/student/Desktop/so-tema2/assignment-memory-allocator/src -losmem
gcc -I/home/student/Desktop/so-tema2/assignment-memory-allocator/utils -fPIC -Wall -Wextra -g -o snippets/test-calloc-arrays snippets/test-calloc-arrays.c -L/home/student/Desktop/so-tema2/assignment-memory-allocator/src -losmem
gcc -I/home/student/Desktop/so-tema2/assignment-memory-allocator/utils -fPIC -Wall -Wextra -g -o snippets/test-calloc-block-reuse snippets/test-calloc-block-reuse.c -L/home/student/Desktop/so-tema2/assignment-memory-allocator/src -losmem
gcc -I/home/student/Desktop/so-tema2/assignment-memory-allocator/utils -fPIC -Wall -Wextra -g -o snippets/test-calloc-coalesce-big snippets/test-calloc-coalesce-big.c -L/home/student/Desktop/so-tema2/assignment-memory-allocator/src -losmem
gcc -I/home/student/Desktop/so-tema2/assignment-memory-allocator/utils -fPIC -Wall -Wextra -g -o snippets/test-calloc-coalesce snippets/test-calloc-coalesce.c -L/home/student/Desktop/so-tema2/assignment-memory-allocator/src -losmem
gcc -I/home/student/Desktop/so-tema2/assignment-memory-allocator/utils -fPIC -Wall -Wextra -g -o snippets/test-calloc-expand-block snippets/test-calloc-expand-block.c -L/home/student/Desktop/so-tema2/assignment-memory-allocator/src -losmem
gcc -I/home/student/Desktop/so-tema2/assignment-memory-allocator/utils -fPIC -Wall -Wextra -g -o snippets/test-calloc-no-preallocate snippets/test-calloc-no-preallocate.c -L/home/student/Desktop/so-tema2/assignment-memory-allocator/src -losmem
gcc -I/home/student/Desktop/so-tema2/assignment-memory-allocator/utils -fPIC -Wall -Wextra -g -o snippets/test-calloc-no-split snippets/test-calloc-no-split.c -L/home/student/Desktop/so-tema2/assignment-memory-allocator/src -losmem
gcc -I/home/student/Desktop/so-tema2/assignment-memory-allocator/utils -fPIC -Wall -Wextra -g -o snippets/test-calloc-preallocate snippets/test-calloc-preallocate.c -L/home/student/Desktop/so-tema2/assignment-memory-allocator/src -losmem
gcc -I/home/student/Desktop/so-tema2/assignment-memory-allocator/utils -fPIC -Wall -Wextra -g -o snippets/test-calloc-split-first snippets/test-calloc-split-first.c -L/home/student/Desktop/so-tema2/assignment-memory-allocator/src -losmem
gcc -I/home/student/Desktop/so-tema2/assignment-memory-allocator/utils -fPIC -Wall -Wextra -g -o snippets/test-calloc-split-last snippets/test-calloc-split-last.c -L/home/student/Desktop/so-tema2/assignment-memory-allocator/src -losmem
gcc -I/home/student/Desktop/so-tema2/assignment-memory-allocator/utils -fPIC -Wall -Wextra -g -o snippets/test-calloc-split-middle snippets/test-calloc-split-middle.c -L/home/student/Desktop/so-tema2/assignment-memory-allocator/src -losmem
gcc -I/home/student/Desktop/so-tema2/assignment-memory-allocator/utils -fPIC -Wall -Wextra -g -o snippets/test-calloc-split-one-block snippets/test-calloc-split-one-block.c -L/home/student/Desktop/so-tema2/assignment-memory-allocator/src -losmem
gcc -I/home/student/Desktop/so-tema2/assignment-memory-allocator/utils -fPIC -Wall -Wextra -g -o snippets/test-calloc-split-vector snippets/test-calloc-split-vector.c -L/home/student/Desktop/so-tema2/assignment-memory-allocator/src -losmem
gcc -I/home/student/Desktop/so-tema2/assignment-memory-allocator/utils -fPIC -Wall -Wextra -g -o snippets/test-malloc-arrays snippets/test-malloc-arrays.c -L/home/student/Desktop/so-tema2/assignment-memory-allocator/src -losmem
gcc -I/home/student/Desktop/so-tema2/assignment-memory-allocator/utils -fPIC -Wall -Wextra -g -o snippets/test-malloc-block-reuse snippets/test-malloc-block-reuse.c -L/home/student/Desktop/so-tema2/assignment-memory-allocator/src -losmem
gcc -I/home/student/Desktop/so-tema2/assignment-memory-allocator/utils -fPIC -Wall -Wextra -g -o snippets/test-malloc-coalesce-big snippets/test-malloc-coalesce-big.c -L/home/student/Desktop/so-tema2/assignment-memory-allocator/src -losmem
gcc -I/home/student/Desktop/so-tema2/assignment-memory-allocator/utils -fPIC -Wall -Wextra -g -o snippets/test-malloc-coalesce snippets/test-malloc-coalesce.c -L/home/student/Desktop/so-tema2/assignment-memory-allocator/src -losmem
gcc -I/home/student/Desktop/so-tema2/assignment-memory-allocator/utils -fPIC -Wall -Wextra -g -o snippets/test-malloc-expand-block snippets/test-malloc-expand-block.c -L/home/student/Desktop/so-tema2/assignment-memory-allocator/src -losmem
gcc -I/home/student/Desktop/so-tema2/assignment-memory-allocator/utils -fPIC -Wall -Wextra -g -o snippets/test-malloc-no-preallocate snippets/test-malloc-no-preallocate.c -L/home/student/Desktop/so-tema2/assignment-memory-allocator/src -losmem
gcc -I/home/student/Desktop/so-tema2/assignment-memory-allocator/utils -fPIC -Wall -Wextra -g -o snippets/test-malloc-no-split snippets/test-malloc-no-split.c -L/home/student/Desktop/so-tema2/assignment-memory-allocator/src -losmem
gcc -I/home/student/Desktop/so-tema2/assignment-memory-allocator/utils -fPIC -Wall -Wextra -g -o snippets/test-malloc-preallocate snippets/test-malloc-preallocate.c -L/home/student/Desktop/so-tema2/assignment-memory-allocator/src -losmem
gcc -I/home/student/Desktop/so-tema2/assignment-memory-allocator/utils -fPIC -Wall -Wextra -g -o snippets/test-malloc-split-first snippets/test-malloc-split-first.c -L/home/student/Desktop/so-tema2/assignment-memory-allocator/src -losmem
gcc -I/home/student/Desktop/so-tema2/assignment-memory-allocator/utils -fPIC -Wall -Wextra -g -o snippets/test-malloc-split-last snippets/test-malloc-split-last.c -L/home/student/Desktop/so-tema2/assignment-memory-allocator/src -losmem
gcc -I/home/student/Desktop/so-tema2/assignment-memory-allocator/utils -fPIC -Wall -Wextra -g -o snippets/test-malloc-split-middle snippets/test-malloc-split-middle.c -L/home/student/Desktop/so-tema2/assignment-memory-allocator/src -losmem
gcc -I/home/student/Desktop/so-tema2/assignment-memory-allocator/utils -fPIC -Wall -Wextra -g -o snippets/test-malloc-split-one-block snippets/test-malloc-split-one-block.c -L/home/student/Desktop/so-tema2/assignment-memory-allocator/src -losmem
gcc -I/home/student/Desktop/so-tema2/assignment-memory-allocator/utils -fPIC -Wall -Wextra -g -o snippets/test-malloc-split-vector snippets/test-malloc-split-vector.c -L/home/student/Desktop/so-tema2/assignment-memory-allocator/src -losmem
gcc -I/home/student/Desktop/so-tema2/assignment-memory-allocator/utils -fPIC -Wall -Wextra -g -o snippets/test-realloc-arrays snippets/test-realloc-arrays.c -L/home/student/Desktop/so-tema2/assignment-memory-allocator/src -losmem
gcc -I/home/student/Desktop/so-tema2/assignment-memory-allocator/utils -fPIC -Wall -Wextra -g -o snippets/test-realloc-block-reuse snippets/test-realloc-block-reuse.c -L/home/student/Desktop/so-tema2/assignment-memory-allocator/src -losmem
gcc -I/home/student/Desktop/so-tema2/assignment-memory-allocator/utils -fPIC -Wall -Wextra -g -o snippets/test-realloc-coalesce-big snippets/test-realloc-coalesce-big.c -L/home/student/Desktop/so-tema2/assignment-memory-allocator/src -losmem
gcc -I/home/student/Desktop/so-tema2/assignment-memory-allocator/utils -fPIC -Wall -Wextra -g -o snippets/test-realloc-coalesce snippets/test-realloc-coalesce.c -L/home/student/Desktop/so-tema2/assignment-memory-allocator/src -losmem
gcc -I/home/student/Desktop/so-tema2/assignment-memory-allocator/utils -fPIC -Wall -Wextra -g -o snippets/test-realloc-expand-block snippets/test-realloc-expand-block.c -L/home/student/Desktop/so-tema2/assignment-memory-allocator/src -losmem
gcc -I/home/student/Desktop/so-tema2/assignment-memory-allocator/utils -fPIC -Wall -Wextra -g -o snippets/test-realloc-no-preallocate snippets/test-realloc-no-preallocate.c -L/home/student/Desktop/so-tema2/assignment-memory-allocator/src -losmem
gcc -I/home/student/Desktop/so-tema2/assignment-memory-allocator/utils -fPIC -Wall -Wextra -g -o snippets/test-realloc-no-split snippets/test-realloc-no-split.c -L/home/student/Desktop/so-tema2/assignment-memory-allocator/src -losmem
gcc -I/home/student/Desktop/so-tema2/assignment-memory-allocator/utils -fPIC -Wall -Wextra -g -o snippets/test-realloc-preallocate snippets/test-realloc-preallocate.c -L/home/student/Desktop/so-tema2/assignment-memory-allocator/src -losmem
gcc -I/home/student/Desktop/so-tema2/assignment-memory-allocator/utils -fPIC -Wall -Wextra -g -o snippets/test-realloc-split-first snippets/test-realloc-split-first.c -L/home/student/Desktop/so-tema2/assignment-memory-allocator/src -losmem
gcc -I/home/student/Desktop/so-tema2/assignment-memory-allocator/utils -fPIC -Wall -Wextra -g -o snippets/test-realloc-split-last snippets/test-realloc-split-last.c -L/home/student/Desktop/so-tema2/assignment-memory-allocator/src -losmem
gcc -I/home/student/Desktop/so-tema2/assignment-memory-allocator/utils -fPIC -Wall -Wextra -g -o snippets/test-realloc-split-middle snippets/test-realloc-split-middle.c -L/home/student/Desktop/so-tema2/assignment-memory-allocator/src -losmem
gcc -I/home/student/Desktop/so-tema2/assignment-memory-allocator/utils -fPIC -Wall -Wextra -g -o snippets/test-realloc-split-one-block snippets/test-realloc-split-one-block.c -L/home/student/Desktop/so-tema2/assignment-memory-allocator/src -losmem
gcc -I/home/student/Desktop/so-tema2/assignment-memory-allocator/utils -fPIC -Wall -Wextra -g -o snippets/test-realloc-split-vector snippets/test-realloc-split-vector.c -L/home/student/Desktop/so-tema2/assignment-memory-allocator/src -losmem
make[1]: Leaving directory '/home/student/Desktop/so-tema2/assignment-memory-allocator/tests'
python run_tests.py
--- /home/student/Desktop/so-tema2/assignment-memory-allocator/tests/snippets/test-realloc-split-middle.out
+++ /home/student/Desktop/so-tema2/assignment-memory-allocator/tests/ref/test-realloc-split-middle.ref
@@ -25,13 +25,11 @@
 os_free (['HeapStart + 0x206c8'])                                                         = <void>
 os_realloc (['HeapStart + 0x20578', '600'])                                               = HeapStart + 0x20578
 os_realloc (['HeapStart + 0x20578', '0'])                                                 = 0
-os_realloc (['0', '1000'])                                                                = HeapStart + 0x20c38
-  brk (['HeapStart + 0x21020'])                                                           = HeapStart + 0x21020
+os_realloc (['0', '1000'])                                                                = HeapStart + 0x20428
 os_free (['HeapStart + 0x20020'])                                                         = <void>
 os_free (['HeapStart + 0x20830'])                                                         = <void>
-os_realloc (['HeapStart + 0x20c38', '2000'])                                              = HeapStart + 0x20c38
-  brk (['HeapStart + 0x21408'])                                                           = HeapStart + 0x21408
-os_realloc (['HeapStart + 0x20c38', '0'])                                                 = 0
+os_realloc (['HeapStart + 0x20428', '2000'])                                              = HeapStart + 0x20428
+os_realloc (['HeapStart + 0x20428', '0'])                                                 = 0
 os_realloc (['0', '3000'])                                                                = HeapStart + 0x20020
 os_free (['HeapStart + 0x20'])                                                            = <void>
 os_free (['HeapStart + 0x20020'])                                                         = <void>

--- /home/student/Desktop/so-tema2/assignment-memory-allocator/tests/snippets/test-all.out
+++ /home/student/Desktop/so-tema2/assignment-memory-allocator/tests/ref/test-all.ref
@@ -10,13 +10,14 @@
 os_calloc (['10', '100'])                                                                 = HeapStart + 0x20
 os_free (['HeapStart + 0x20'])                                                            = <void>
 os_calloc (['10', '100'])                                                                 = HeapStart + 0x20
-os_realloc (['HeapStart + 0x20', '132072'])                                               = HeapStart + 0x20
-  brk (['HeapStart + 0x20408'])                                                           = HeapStart + 0x20408
-os_free (['HeapStart + 0x20'])                                                            = <void>
-os_calloc (['1', '5000'])                                                                 = <mapped-addr1> + 0x20
-  mmap (['0', '5032', 'PROT_READ | PROT_WRITE', 'MAP_PRIVATE | MAP_ANON', '-1', '0'])     = <mapped-addr1>
-os_realloc (['<mapped-addr1> + 0x20', '2000'])                                            = HeapStart + 0x20
-  munmap (['<mapped-addr1>', '5032'])                                                     = 0
+os_realloc (['HeapStart + 0x20', '132072'])                                               = <mapped-addr1> + 0x20
+  mmap (['0', '132104', 'PROT_READ | PROT_WRITE', 'MAP_PRIVATE | MAP_ANON', '-1', '0'])   = <mapped-addr1>
+os_free (['<mapped-addr1> + 0x20'])                                                       = <void>
+  munmap (['<mapped-addr1>', '132104'])                                                   = 0
+os_calloc (['1', '5000'])                                                                 = <mapped-addr2> + 0x20
+  mmap (['0', '5032', 'PROT_READ | PROT_WRITE', 'MAP_PRIVATE | MAP_ANON', '-1', '0'])     = <mapped-addr2>
+os_realloc (['<mapped-addr2> + 0x20', '2000'])                                            = HeapStart + 0x20
[...]
test-malloc-no-preallocate       ........................ passed ...   2
test-malloc-preallocate          ........................ passed ...   3
test-malloc-arrays               ........................ passed ...   5
test-malloc-block-reuse          ........................ passed ...   3
test-malloc-expand-block         ........................ passed ...   2
test-malloc-no-split             ........................ passed ...   2
test-malloc-split-one-block      ........................ passed ...   3
test-malloc-split-first          ........................ passed ...   2
test-malloc-split-last           ........................ passed ...   2
test-malloc-split-middle         ........................ passed ...   3
test-malloc-split-vector         ........................ passed ...   2
test-malloc-coalesce             ........................ passed ...   3
test-malloc-coalesce-big         ........................ passed ...   3
test-calloc-no-preallocate       ........................ passed ...   1
test-calloc-preallocate          ........................ passed ...   1
test-calloc-arrays               ........................ passed ...   5
test-calloc-block-reuse          ........................ passed ...   1
test-calloc-expand-block         ........................ passed ...   1
test-calloc-no-split             ........................ passed ...   1
test-calloc-split-one-block      ........................ passed ...   1
test-calloc-split-first          ........................ passed ...   1
test-calloc-split-last           ........................ passed ...   1
test-calloc-split-middle         ........................ passed ...   1
test-calloc-split-vector         ........................ passed ...   2
test-calloc-coalesce             ........................ passed ...   2
test-calloc-coalesce-big         ........................ passed ...   2
test-realloc-no-preallocate      ........................ passed ...   1
test-realloc-preallocate         ........................ passed ...   1
test-realloc-arrays              ........................ passed ...   3
test-realloc-block-reuse         ........................ passed ...   3
test-realloc-expand-block        ........................ passed ...   2
test-realloc-no-split            ........................ passed ...   3
test-realloc-split-one-block     ........................ passed ...   3
test-realloc-split-first         ........................ passed ...   3
test-realloc-split-last          ........................ passed ...   3
test-realloc-split-middle        ........................ failed ...   0
test-realloc-split-vector        ........................ passed ...   2
test-realloc-coalesce            ........................ passed ...   3
test-realloc-coalesce-big        ........................ passed ...   1
test-all                         ........................ failed ...   0

Checker:                                                            83/100
