cd .. && checkpatch.pl -f src/*.c tests/snippets/*.c
/bin/sh: 1: checkpatch.pl: not found
make: [Makefile:37: lint] Error 127 (ignored)
cd .. && checkpatch.pl -f checker/*.sh tests/*.sh
/bin/sh: 1: checkpatch.pl: not found
make: [Makefile:38: lint] Error 127 (ignored)
cd .. && cpplint --recursive src/ tests/
/bin/sh: 1: cpplint: not found
make: [Makefile:39: lint] Error 127 (ignored)
cd .. && shellcheck checker/*.sh tests/*.sh
/bin/sh: 1: shellcheck: not found
make: [Makefile:40: lint] Error 127 (ignored)
